
> prompt-architect-pro@1.0.0 build
> next build

  Ôû▓ Next.js 14.2.0
  - Environments: .env.local

   Creating an optimized production build ...
 Ô£ô Compiled successfully
   Linting and checking validity of types ...
node.exe : Failed to compile.
In Zeile:1 Zeichen:1
+ & "C:\Program Files\nodejs/node.exe" "C:\Program 
Files\nodejs/node_mo ...
+ 
~~~~~~~~~~~~~~~~~~~~~~~~~~~~~~~~~~~~~~~~~~~~~~~~~~~~~~~~~~~~~~~~~~~~~
    + CategoryInfo          : NotSpecified: (Failed to compile.:Stri 
   ng) [], RemoteException
    + FullyQualifiedErrorId : NativeCommandError
 

./Prompt/prompt-architect/src/components/Tooltip.tsx:143:15
Type error: An object literal cannot have multiple properties with 
the same name.

[0m [90m 141 |[39m               border[33m:[39m [32m"1px 
solid #2a2a2a"[39m[33m,[39m[0m
[0m [90m 142 |[39m               borderRight[33m:[39m 
[32m"none"[39m[33m,[39m borderBottom[33m:[39m 
[32m"none"[39m[33m,[39m[0m
[0m[31m[1m>[22m[39m[90m 143 |[39m               
transform[33m:[39m pos[33m.[39mplacement [33m===[39m 
[32m"bottom"[39m[0m
[0m [90m     |[39m               [31m[1m^[22m[39m[0m
[0m [90m 144 |[39m                 [33m?[39m 
[32m"translateX(-50%) rotate(45deg)"[39m[0m
[0m [90m 145 |[39m                 [33m:[39m 
[32m"translateX(-50%) rotate(225deg)"[39m[33m,[39m[0m
[0m [90m 146 |[39m             }} [33m/[39m[33m>[39m[0m
